app/admin-panel/dashboard/page.tsx(247,11): error TS2353: Object literal may only specify known properties, and 'title' does not exist in type 'ReactElement<any, string | JSXElementConstructor<any>> | Iterable<ReactNode> | ReactPortal | Promise<...> | (() => ReactNode)'.
app/admin-panel/dashboard/page.tsx(260,9): error TS2353: Object literal may only specify known properties, and 'title' does not exist in type 'ReactElement<any, string | JSXElementConstructor<any>> | Iterable<ReactNode> | ReactPortal | Promise<...> | (() => ReactNode)'.
app/dashboard/notas/page.tsx(134,34): error TS2339: Property 'idEmpresa' does not exist on type 'User'.
app/funcionalidades/page.tsx(37,41): error TS2322: Type '{ hidden: { opacity: number; y: number; }; visible: { opacity: number; y: number; transition: { duration: number; ease: string; }; }; }' is not assignable to type 'Variants'.
  Property 'visible' is incompatible with index signature.
    Type '{ opacity: number; y: number; transition: { duration: number; ease: string; }; }' is not assignable to type 'Variant'.
      Type '{ opacity: number; y: number; transition: { duration: number; ease: string; }; }' is not assignable to type 'TargetAndTransition'.
        Type '{ opacity: number; y: number; transition: { duration: number; ease: string; }; }' is not assignable to type '{ transition?: Transition<any> | undefined; transitionEnd?: ResolvedValues$1 | undefined; }'.
          Types of property 'transition' are incompatible.
            Type '{ duration: number; ease: string; }' is not assignable to type 'Transition<any> | undefined'.
              Type '{ duration: number; ease: string; }' is not assignable to type 'TransitionWithValueOverrides<any>'.
                Type '{ duration: number; ease: string; }' is not assignable to type 'ValueAnimationTransition<any>'.
                  Types of property 'ease' are incompatible.
                    Type 'string' is not assignable to type 'Easing | Easing[] | undefined'.
app/funcionalidades/page.tsx(40,40): error TS2322: Type '{ hidden: { opacity: number; y: number; }; visible: { opacity: number; y: number; transition: { duration: number; ease: string; }; }; }' is not assignable to type 'Variants'.
  Property 'visible' is incompatible with index signature.
    Type '{ opacity: number; y: number; transition: { duration: number; ease: string; }; }' is not assignable to type 'Variant'.
      Type '{ opacity: number; y: number; transition: { duration: number; ease: string; }; }' is not assignable to type 'TargetAndTransition'.
        Type '{ opacity: number; y: number; transition: { duration: number; ease: string; }; }' is not assignable to type '{ transition?: Transition<any> | undefined; transitionEnd?: ResolvedValues$1 | undefined; }'.
          Types of property 'transition' are incompatible.
            Type '{ duration: number; ease: string; }' is not assignable to type 'Transition<any> | undefined'.
              Type '{ duration: number; ease: string; }' is not assignable to type 'TransitionWithValueOverrides<any>'.
                Type '{ duration: number; ease: string; }' is not assignable to type 'ValueAnimationTransition<any>'.
                  Types of property 'ease' are incompatible.
                    Type 'string' is not assignable to type 'Easing | Easing[] | undefined'.
app/funcionalidades/page.tsx(44,39): error TS2322: Type '{ hidden: { opacity: number; y: number; }; visible: { opacity: number; y: number; transition: { duration: number; ease: string; }; }; }' is not assignable to type 'Variants'.
  Property 'visible' is incompatible with index signature.
    Type '{ opacity: number; y: number; transition: { duration: number; ease: string; }; }' is not assignable to type 'Variant'.
      Type '{ opacity: number; y: number; transition: { duration: number; ease: string; }; }' is not assignable to type 'TargetAndTransition'.
        Type '{ opacity: number; y: number; transition: { duration: number; ease: string; }; }' is not assignable to type '{ transition?: Transition<any> | undefined; transitionEnd?: ResolvedValues$1 | undefined; }'.
          Types of property 'transition' are incompatible.
            Type '{ duration: number; ease: string; }' is not assignable to type 'Transition<any> | undefined'.
              Type '{ duration: number; ease: string; }' is not assignable to type 'TransitionWithValueOverrides<any>'.
                Type '{ duration: number; ease: string; }' is not assignable to type 'ValueAnimationTransition<any>'.
                  Types of property 'ease' are incompatible.
                    Type 'string' is not assignable to type 'Easing | Easing[] | undefined'.
app/funcionalidades/page.tsx(56,128): error TS2322: Type '{ hidden: { opacity: number; y: number; }; visible: { opacity: number; y: number; transition: { duration: number; ease: string; }; }; }' is not assignable to type 'Variants'.
  Property 'visible' is incompatible with index signature.
    Type '{ opacity: number; y: number; transition: { duration: number; ease: string; }; }' is not assignable to type 'Variant'.
      Type '{ opacity: number; y: number; transition: { duration: number; ease: string; }; }' is not assignable to type 'TargetAndTransition'.
        Type '{ opacity: number; y: number; transition: { duration: number; ease: string; }; }' is not assignable to type '{ transition?: Transition<any> | undefined; transitionEnd?: ResolvedValues$1 | undefined; }'.
          Types of property 'transition' are incompatible.
            Type '{ duration: number; ease: string; }' is not assignable to type 'Transition<any> | undefined'.
              Type '{ duration: number; ease: string; }' is not assignable to type 'TransitionWithValueOverrides<any>'.
                Type '{ duration: number; ease: string; }' is not assignable to type 'ValueAnimationTransition<any>'.
                  Types of property 'ease' are incompatible.
                    Type 'string' is not assignable to type 'Easing | Easing[] | undefined'.
app/funcionalidades/page.tsx(134,128): error TS2322: Type '{ hidden: { opacity: number; y: number; }; visible: { opacity: number; y: number; transition: { duration: number; ease: string; }; }; }' is not assignable to type 'Variants'.
  Property 'visible' is incompatible with index signature.
    Type '{ opacity: number; y: number; transition: { duration: number; ease: string; }; }' is not assignable to type 'Variant'.
      Type '{ opacity: number; y: number; transition: { duration: number; ease: string; }; }' is not assignable to type 'TargetAndTransition'.
        Type '{ opacity: number; y: number; transition: { duration: number; ease: string; }; }' is not assignable to type '{ transition?: Transition<any> | undefined; transitionEnd?: ResolvedValues$1 | undefined; }'.
          Types of property 'transition' are incompatible.
            Type '{ duration: number; ease: string; }' is not assignable to type 'Transition<any> | undefined'.
              Type '{ duration: number; ease: string; }' is not assignable to type 'TransitionWithValueOverrides<any>'.
                Type '{ duration: number; ease: string; }' is not assignable to type 'ValueAnimationTransition<any>'.
                  Types of property 'ease' are incompatible.
                    Type 'string' is not assignable to type 'Easing | Easing[] | undefined'.
app/funcionalidades/page.tsx(218,106): error TS2322: Type '{ hidden: { opacity: number; y: number; }; visible: { opacity: number; y: number; transition: { duration: number; ease: string; }; }; }' is not assignable to type 'Variants'.
  Property 'visible' is incompatible with index signature.
    Type '{ opacity: number; y: number; transition: { duration: number; ease: string; }; }' is not assignable to type 'Variant'.
      Type '{ opacity: number; y: number; transition: { duration: number; ease: string; }; }' is not assignable to type 'TargetAndTransition'.
        Type '{ opacity: number; y: number; transition: { duration: number; ease: string; }; }' is not assignable to type '{ transition?: Transition<any> | undefined; transitionEnd?: ResolvedValues$1 | undefined; }'.
          Types of property 'transition' are incompatible.
            Type '{ duration: number; ease: string; }' is not assignable to type 'Transition<any> | undefined'.
              Type '{ duration: number; ease: string; }' is not assignable to type 'TransitionWithValueOverrides<any>'.
                Type '{ duration: number; ease: string; }' is not assignable to type 'ValueAnimationTransition<any>'.
                  Types of property 'ease' are incompatible.
                    Type 'string' is not assignable to type 'Easing | Easing[] | undefined'.
app/funcionalidades/page.tsx(225,106): error TS2322: Type '{ hidden: { opacity: number; y: number; }; visible: { opacity: number; y: number; transition: { duration: number; ease: string; }; }; }' is not assignable to type 'Variants'.
  Property 'visible' is incompatible with index signature.
    Type '{ opacity: number; y: number; transition: { duration: number; ease: string; }; }' is not assignable to type 'Variant'.
      Type '{ opacity: number; y: number; transition: { duration: number; ease: string; }; }' is not assignable to type 'TargetAndTransition'.
        Type '{ opacity: number; y: number; transition: { duration: number; ease: string; }; }' is not assignable to type '{ transition?: Transition<any> | undefined; transitionEnd?: ResolvedValues$1 | undefined; }'.
          Types of property 'transition' are incompatible.
            Type '{ duration: number; ease: string; }' is not assignable to type 'Transition<any> | undefined'.
              Type '{ duration: number; ease: string; }' is not assignable to type 'TransitionWithValueOverrides<any>'.
                Type '{ duration: number; ease: string; }' is not assignable to type 'ValueAnimationTransition<any>'.
                  Types of property 'ease' are incompatible.
                    Type 'string' is not assignable to type 'Easing | Easing[] | undefined'.
app/funcionalidades/page.tsx(238,106): error TS2322: Type '{ hidden: { opacity: number; y: number; }; visible: { opacity: number; y: number; transition: { duration: number; ease: string; }; }; }' is not assignable to type 'Variants'.
  Property 'visible' is incompatible with index signature.
    Type '{ opacity: number; y: number; transition: { duration: number; ease: string; }; }' is not assignable to type 'Variant'.
      Type '{ opacity: number; y: number; transition: { duration: number; ease: string; }; }' is not assignable to type 'TargetAndTransition'.
        Type '{ opacity: number; y: number; transition: { duration: number; ease: string; }; }' is not assignable to type '{ transition?: Transition<any> | undefined; transitionEnd?: ResolvedValues$1 | undefined; }'.
          Types of property 'transition' are incompatible.
            Type '{ duration: number; ease: string; }' is not assignable to type 'Transition<any> | undefined'.
              Type '{ duration: number; ease: string; }' is not assignable to type 'TransitionWithValueOverrides<any>'.
                Type '{ duration: number; ease: string; }' is not assignable to type 'ValueAnimationTransition<any>'.
                  Types of property 'ease' are incompatible.
                    Type 'string' is not assignable to type 'Easing | Easing[] | undefined'.
app/ia/page.tsx(34,41): error TS2322: Type '{ hidden: { opacity: number; y: number; }; visible: { opacity: number; y: number; transition: { duration: number; ease: string; }; }; }' is not assignable to type 'Variants'.
  Property 'visible' is incompatible with index signature.
    Type '{ opacity: number; y: number; transition: { duration: number; ease: string; }; }' is not assignable to type 'Variant'.
      Type '{ opacity: number; y: number; transition: { duration: number; ease: string; }; }' is not assignable to type 'TargetAndTransition'.
        Type '{ opacity: number; y: number; transition: { duration: number; ease: string; }; }' is not assignable to type '{ transition?: Transition<any> | undefined; transitionEnd?: ResolvedValues$1 | undefined; }'.
          Types of property 'transition' are incompatible.
            Type '{ duration: number; ease: string; }' is not assignable to type 'Transition<any> | undefined'.
              Type '{ duration: number; ease: string; }' is not assignable to type 'TransitionWithValueOverrides<any>'.
                Type '{ duration: number; ease: string; }' is not assignable to type 'ValueAnimationTransition<any>'.
                  Types of property 'ease' are incompatible.
                    Type 'string' is not assignable to type 'Easing | Easing[] | undefined'.
app/ia/page.tsx(37,40): error TS2322: Type '{ hidden: { opacity: number; y: number; }; visible: { opacity: number; y: number; transition: { duration: number; ease: string; }; }; }' is not assignable to type 'Variants'.
  Property 'visible' is incompatible with index signature.
    Type '{ opacity: number; y: number; transition: { duration: number; ease: string; }; }' is not assignable to type 'Variant'.
      Type '{ opacity: number; y: number; transition: { duration: number; ease: string; }; }' is not assignable to type 'TargetAndTransition'.
        Type '{ opacity: number; y: number; transition: { duration: number; ease: string; }; }' is not assignable to type '{ transition?: Transition<any> | undefined; transitionEnd?: ResolvedValues$1 | undefined; }'.
          Types of property 'transition' are incompatible.
            Type '{ duration: number; ease: string; }' is not assignable to type 'Transition<any> | undefined'.
              Type '{ duration: number; ease: string; }' is not assignable to type 'TransitionWithValueOverrides<any>'.
                Type '{ duration: number; ease: string; }' is not assignable to type 'ValueAnimationTransition<any>'.
                  Types of property 'ease' are incompatible.
                    Type 'string' is not assignable to type 'Easing | Easing[] | undefined'.
app/ia/page.tsx(41,39): error TS2322: Type '{ hidden: { opacity: number; y: number; }; visible: { opacity: number; y: number; transition: { duration: number; ease: string; }; }; }' is not assignable to type 'Variants'.
  Property 'visible' is incompatible with index signature.
    Type '{ opacity: number; y: number; transition: { duration: number; ease: string; }; }' is not assignable to type 'Variant'.
      Type '{ opacity: number; y: number; transition: { duration: number; ease: string; }; }' is not assignable to type 'TargetAndTransition'.
        Type '{ opacity: number; y: number; transition: { duration: number; ease: string; }; }' is not assignable to type '{ transition?: Transition<any> | undefined; transitionEnd?: ResolvedValues$1 | undefined; }'.
          Types of property 'transition' are incompatible.
            Type '{ duration: number; ease: string; }' is not assignable to type 'Transition<any> | undefined'.
              Type '{ duration: number; ease: string; }' is not assignable to type 'TransitionWithValueOverrides<any>'.
                Type '{ duration: number; ease: string; }' is not assignable to type 'ValueAnimationTransition<any>'.
                  Types of property 'ease' are incompatible.
                    Type 'string' is not assignable to type 'Easing | Easing[] | undefined'.
app/ia/page.tsx(45,41): error TS2322: Type '{ hidden: { opacity: number; y: number; }; visible: { opacity: number; y: number; transition: { duration: number; ease: string; }; }; }' is not assignable to type 'Variants'.
  Property 'visible' is incompatible with index signature.
    Type '{ opacity: number; y: number; transition: { duration: number; ease: string; }; }' is not assignable to type 'Variant'.
      Type '{ opacity: number; y: number; transition: { duration: number; ease: string; }; }' is not assignable to type 'TargetAndTransition'.
        Type '{ opacity: number; y: number; transition: { duration: number; ease: string; }; }' is not assignable to type '{ transition?: Transition<any> | undefined; transitionEnd?: ResolvedValues$1 | undefined; }'.
          Types of property 'transition' are incompatible.
            Type '{ duration: number; ease: string; }' is not assignable to type 'Transition<any> | undefined'.
              Type '{ duration: number; ease: string; }' is not assignable to type 'TransitionWithValueOverrides<any>'.
                Type '{ duration: number; ease: string; }' is not assignable to type 'ValueAnimationTransition<any>'.
                  Types of property 'ease' are incompatible.
                    Type 'string' is not assignable to type 'Easing | Easing[] | undefined'.
app/ia/page.tsx(112,110): error TS2322: Type '{ hidden: { opacity: number; y: number; }; visible: { opacity: number; y: number; transition: { duration: number; ease: string; }; }; }' is not assignable to type 'Variants'.
  Property 'visible' is incompatible with index signature.
    Type '{ opacity: number; y: number; transition: { duration: number; ease: string; }; }' is not assignable to type 'Variant'.
      Type '{ opacity: number; y: number; transition: { duration: number; ease: string; }; }' is not assignable to type 'TargetAndTransition'.
        Type '{ opacity: number; y: number; transition: { duration: number; ease: string; }; }' is not assignable to type '{ transition?: Transition<any> | undefined; transitionEnd?: ResolvedValues$1 | undefined; }'.
          Types of property 'transition' are incompatible.
            Type '{ duration: number; ease: string; }' is not assignable to type 'Transition<any> | undefined'.
              Type '{ duration: number; ease: string; }' is not assignable to type 'TransitionWithValueOverrides<any>'.
                Type '{ duration: number; ease: string; }' is not assignable to type 'ValueAnimationTransition<any>'.
                  Types of property 'ease' are incompatible.
                    Type 'string' is not assignable to type 'Easing | Easing[] | undefined'.
app/integracao-sankhya/page.tsx(39,80): error TS2322: Type '{ hidden: { opacity: number; y: number; }; visible: { opacity: number; y: number; transition: { duration: number; ease: string; }; }; }' is not assignable to type 'Variants'.
  Property 'visible' is incompatible with index signature.
    Type '{ opacity: number; y: number; transition: { duration: number; ease: string; }; }' is not assignable to type 'Variant'.
      Type '{ opacity: number; y: number; transition: { duration: number; ease: string; }; }' is not assignable to type 'TargetAndTransition'.
        Type '{ opacity: number; y: number; transition: { duration: number; ease: string; }; }' is not assignable to type '{ transition?: Transition<any> | undefined; transitionEnd?: ResolvedValues$1 | undefined; }'.
          Types of property 'transition' are incompatible.
            Type '{ duration: number; ease: string; }' is not assignable to type 'Transition<any> | undefined'.
              Type '{ duration: number; ease: string; }' is not assignable to type 'TransitionWithValueOverrides<any>'.
                Type '{ duration: number; ease: string; }' is not assignable to type 'ValueAnimationTransition<any>'.
                  Types of property 'ease' are incompatible.
                    Type 'string' is not assignable to type 'Easing | Easing[] | undefined'.
app/integracao-sankhya/page.tsx(114,106): error TS2322: Type '{ hidden: { opacity: number; y: number; }; visible: { opacity: number; y: number; transition: { duration: number; ease: string; }; }; }' is not assignable to type 'Variants'.
  Property 'visible' is incompatible with index signature.
    Type '{ opacity: number; y: number; transition: { duration: number; ease: string; }; }' is not assignable to type 'Variant'.
      Type '{ opacity: number; y: number; transition: { duration: number; ease: string; }; }' is not assignable to type 'TargetAndTransition'.
        Type '{ opacity: number; y: number; transition: { duration: number; ease: string; }; }' is not assignable to type '{ transition?: Transition<any> | undefined; transitionEnd?: ResolvedValues$1 | undefined; }'.
          Types of property 'transition' are incompatible.
            Type '{ duration: number; ease: string; }' is not assignable to type 'Transition<any> | undefined'.
              Type '{ duration: number; ease: string; }' is not assignable to type 'TransitionWithValueOverrides<any>'.
                Type '{ duration: number; ease: string; }' is not assignable to type 'ValueAnimationTransition<any>'.
                  Types of property 'ease' are incompatible.
                    Type 'string' is not assignable to type 'Easing | Easing[] | undefined'.
app/integracao-sankhya/page.tsx(129,106): error TS2322: Type '{ hidden: { opacity: number; y: number; }; visible: { opacity: number; y: number; transition: { duration: number; ease: string; }; }; }' is not assignable to type 'Variants'.
  Property 'visible' is incompatible with index signature.
    Type '{ opacity: number; y: number; transition: { duration: number; ease: string; }; }' is not assignable to type 'Variant'.
      Type '{ opacity: number; y: number; transition: { duration: number; ease: string; }; }' is not assignable to type 'TargetAndTransition'.
        Type '{ opacity: number; y: number; transition: { duration: number; ease: string; }; }' is not assignable to type '{ transition?: Transition<any> | undefined; transitionEnd?: ResolvedValues$1 | undefined; }'.
          Types of property 'transition' are incompatible.
            Type '{ duration: number; ease: string; }' is not assignable to type 'Transition<any> | undefined'.
              Type '{ duration: number; ease: string; }' is not assignable to type 'TransitionWithValueOverrides<any>'.
                Type '{ duration: number; ease: string; }' is not assignable to type 'ValueAnimationTransition<any>'.
                  Types of property 'ease' are incompatible.
                    Type 'string' is not assignable to type 'Easing | Easing[] | undefined'.
app/integracao-sankhya/page.tsx(143,106): error TS2322: Type '{ hidden: { opacity: number; y: number; }; visible: { opacity: number; y: number; transition: { duration: number; ease: string; }; }; }' is not assignable to type 'Variants'.
  Property 'visible' is incompatible with index signature.
    Type '{ opacity: number; y: number; transition: { duration: number; ease: string; }; }' is not assignable to type 'Variant'.
      Type '{ opacity: number; y: number; transition: { duration: number; ease: string; }; }' is not assignable to type 'TargetAndTransition'.
        Type '{ opacity: number; y: number; transition: { duration: number; ease: string; }; }' is not assignable to type '{ transition?: Transition<any> | undefined; transitionEnd?: ResolvedValues$1 | undefined; }'.
          Types of property 'transition' are incompatible.
            Type '{ duration: number; ease: string; }' is not assignable to type 'Transition<any> | undefined'.
              Type '{ duration: number; ease: string; }' is not assignable to type 'TransitionWithValueOverrides<any>'.
                Type '{ duration: number; ease: string; }' is not assignable to type 'ValueAnimationTransition<any>'.
                  Types of property 'ease' are incompatible.
                    Type 'string' is not assignable to type 'Easing | Easing[] | undefined'.
app/integracao-sankhya/page.tsx(157,106): error TS2322: Type '{ hidden: { opacity: number; y: number; }; visible: { opacity: number; y: number; transition: { duration: number; ease: string; }; }; }' is not assignable to type 'Variants'.
  Property 'visible' is incompatible with index signature.
    Type '{ opacity: number; y: number; transition: { duration: number; ease: string; }; }' is not assignable to type 'Variant'.
      Type '{ opacity: number; y: number; transition: { duration: number; ease: string; }; }' is not assignable to type 'TargetAndTransition'.
        Type '{ opacity: number; y: number; transition: { duration: number; ease: string; }; }' is not assignable to type '{ transition?: Transition<any> | undefined; transitionEnd?: ResolvedValues$1 | undefined; }'.
          Types of property 'transition' are incompatible.
            Type '{ duration: number; ease: string; }' is not assignable to type 'Transition<any> | undefined'.
              Type '{ duration: number; ease: string; }' is not assignable to type 'TransitionWithValueOverrides<any>'.
                Type '{ duration: number; ease: string; }' is not assignable to type 'ValueAnimationTransition<any>'.
                  Types of property 'ease' are incompatible.
                    Type 'string' is not assignable to type 'Easing | Easing[] | undefined'.
components/admin-dashboard.tsx(4,24): error TS2307: Cannot find module 'react-grid-layout' or its corresponding type declarations.
components/admin-dashboard.tsx(5,29): error TS2307: Cannot find module 'react-grid-layout' or its corresponding type declarations.
components/funil-manager.tsx(7,42): error TS2307: Cannot find module '@/lib/funis-service' or its corresponding type declarations.
components/funil-manager.tsx(10,15): error TS2459: Module '"@/lib/auth-service"' declares 'User' locally, but it is not exported.
components/funil-modal.tsx(9,28): error TS2307: Cannot find module '@/lib/funis-service' or its corresponding type declarations.
components/lead-create-modal.tsx(10,27): error TS2307: Cannot find module '@/lib/leads-service' or its corresponding type declarations.
components/lead-create-modal.tsx(131,21): error TS7006: Parameter 'prev' implicitly has an 'any' type.
components/lead-create-modal.tsx(244,21): error TS7006: Parameter 'prev' implicitly has an 'any' type.
components/lead-create-modal.tsx(766,30): error TS2304: Cannot find name 'tabelasPrecos'.
components/lead-create-modal.tsx(781,8): error TS2741: Property 'tipo' is missing in type '{ isOpen: boolean; onClose: () => void; onSelect: (vendedor: number) => void; }' but required in type 'VendedorSelectorModalProps'.
components/lead-create-modal.tsx(785,63): error TS2339: Property 'CODVEND' does not exist on type 'number'.
components/lead-create-modal.tsx(786,38): error TS2339: Property 'NOMEVEND' does not exist on type 'number'.
components/lead-detail-modal.tsx(24,68): error TS2304: Cannot find name 'LeadDetailModalProps'.
components/lead-detail-modal.tsx(81,18): error TS2304: Cannot find name 'isEditing'.
components/lead-modal.tsx(12,27): error TS2307: Cannot find module '@/lib/leads-service' or its corresponding type declarations.
components/lead-modal.tsx(707,34): error TS2551: Property 'getParceiroById' does not exist on type 'typeof OfflineDataService'. Did you mean 'getParceiros'?
components/lead-modal.tsx(714,25): error TS7006: Parameter 'e' implicitly has an 'any' type.
components/lead-modal.tsx(768,23): error TS7006: Parameter 'prev' implicitly has an 'any' type.
components/lead-modal.tsx(774,23): error TS7006: Parameter 'prev' implicitly has an 'any' type.
components/lead-modal.tsx(917,21): error TS7006: Parameter 'prev' implicitly has an 'any' type.
components/lead-modal.tsx(985,21): error TS7006: Parameter 'prev' implicitly has an 'any' type.
components/lead-modal.tsx(2638,29): error TS7006: Parameter 'prev' implicitly has an 'any' type.
components/lead-modal.tsx(2903,81): error TS7006: Parameter '_' implicitly has an 'any' type.
components/lead-modal.tsx(2903,84): error TS7006: Parameter 'i' implicitly has an 'any' type.
components/rotas-manager.tsx(954,19): error TS2322: Type '[number, number | undefined] | undefined' is not assignable to type 'LatLngExpression | undefined'.
  Type '[number, number | undefined]' is not assignable to type 'LatLngExpression | undefined'.
    Type '[number, number | undefined]' is not assignable to type 'LatLngTuple'.
      Type at position 1 in source is not compatible with type at position 1 in target.
        Type 'number | undefined' is not assignable to type 'number'.
          Type 'undefined' is not assignable to type 'number'.
hooks/use-lead-context.ts(3,27): error TS2307: Cannot find module '@/lib/leads-service' or its corresponding type declarations.
lib/analise-service.ts(78,95): error TS2554: Expected 1 arguments, but got 2.
lib/analise-service.ts(616,47): error TS7006: Parameter 'sum' implicitly has an 'any' type.
lib/analise-service.ts(617,53): error TS7006: Parameter 'sum' implicitly has an 'any' type.
lib/analise-service.ts(618,46): error TS7006: Parameter 'sum' implicitly has an 'any' type.
lib/analise-service.ts(623,51): error TS7006: Parameter 'sum' implicitly has an 'any' type.
lib/analise-service.ts(630,15): error TS7006: Parameter 'c' implicitly has an 'any' type.
lib/analise-service.ts(631,14): error TS7006: Parameter 'a' implicitly has an 'any' type.
lib/analise-service.ts(631,17): error TS7006: Parameter 'b' implicitly has an 'any' type.
lib/data-aggregation-service.ts(380,14): error TS2345: Argument of type '([CODPROD, data]: [any, any]) => { CODPROD: any; DESCRPROD: any; quantidade: any; }' is not assignable to parameter of type '(value: unknown, index: number, array: unknown[]) => { CODPROD: any; DESCRPROD: any; quantidade: any; }'.
  Types of parameters '__0' and 'value' are incompatible.
    Type 'unknown' is not assignable to type '[any, any]'.
lib/data-aggregation-service.ts(381,25): error TS18046: 'b' is of type 'unknown'.
lib/data-aggregation-service.ts(381,40): error TS18046: 'a' is of type 'unknown'.
lib/data-aggregation-service.ts(757,97): error TS2345: Argument of type 'unknown' is not assignable to parameter of type 'number'.
lib/data-aggregation-service.ts(1184,7): error TS2322: Type '{ CODPARC: any; NOMEPARC: any; totalVendas: any; quantidadeNotas: any; quantidadeItens: any; ticketMedio: number; ultimaCompra: any; diasSemComprar: number; produtosMaisComprados: unknown[]; frequenciaCompra: number; recencia: "Ativo" | ... 2 more ... | "Inativo"; valorMedioItem: number; }[]' is not assignable to type '{ CODPARC: number; NOMEPARC: string; totalVendas: number; quantidadeNotas: number; quantidadeItens: number; ticketMedio: number; ultimaCompra: string; diasSemComprar: number; produtosMaisComprados: { ...; }[]; frequenciaCompra: number; recencia: "Ativo" | ... 2 more ... | "Inativo"; valorMedioItem: number; }[]'.
  Type '{ CODPARC: any; NOMEPARC: any; totalVendas: any; quantidadeNotas: any; quantidadeItens: any; ticketMedio: number; ultimaCompra: any; diasSemComprar: number; produtosMaisComprados: unknown[]; frequenciaCompra: number; recencia: "Ativo" | ... 2 more ... | "Inativo"; valorMedioItem: number; }' is not assignable to type '{ CODPARC: number; NOMEPARC: string; totalVendas: number; quantidadeNotas: number; quantidadeItens: number; ticketMedio: number; ultimaCompra: string; diasSemComprar: number; produtosMaisComprados: { ...; }[]; frequenciaCompra: number; recencia: "Ativo" | ... 2 more ... | "Inativo"; valorMedioItem: number; }'.
    Types of property 'produtosMaisComprados' are incompatible.
      Type 'unknown[]' is not assignable to type '{ CODPROD: number; DESCRPROD: string; quantidade: number; }[]'.
        Type 'unknown' is not assignable to type '{ CODPROD: number; DESCRPROD: string; quantidade: number; }'.
lib/oracle-auth-service.ts(208,22): error TS7016: Could not find a declaration file for module 'oracledb'. 'C:/Users/devel/Desktop/PredictSales/PREDICT 3/node_modules/oracledb/index.js' implicitly has an 'any' type.
  Try `npm i --save-dev @types/oracledb` if it exists or add a new declaration (.d.ts) file containing `declare module 'oracledb';`
lib/oracle-db.ts(2,22): error TS7016: Could not find a declaration file for module 'oracledb'. 'C:/Users/devel/Desktop/PredictSales/PREDICT 3/node_modules/oracledb/index.js' implicitly has an 'any' type.
  Try `npm i --save-dev @types/oracledb` if it exists or add a new declaration (.d.ts) file containing `declare module 'oracledb';`
lib/oracle-funis-service.ts(315,33): error TS7006: Parameter 'r' implicitly has an 'any' type.
lib/pedidos-lista-service.ts(40,7): error TS2304: Cannot find name 'cachedToken'.
lib/pedidos-service.ts(323,59): error TS2552: Cannot find name 'credentials'. Did you mean 'Credential'?
lib/produtos-service.ts(212,43): error TS7006: Parameter 'sum' implicitly has an 'any' type.
lib/redis-cache-service.ts(56,15): error TS2322: Type 'number' is not assignable to type 'boolean | undefined'.
lib/redis-cache-wrapper.ts(3,15): error TS2724: '"./redis-cache-service"' has no exported member named 'RedisCacheService'. Did you mean 'redisCacheService'?
lib/sankhya-api.ts(2,10): error TS2614: Module '"./cache-adapter"' has no exported member 'getCacheService'. Did you mean to use 'import getCacheService from "./cache-adapter"' instead?
lib/sankhya-api.ts(4,22): error TS7016: Could not find a declaration file for module 'oracledb'. 'C:/Users/devel/Desktop/PredictSales/PREDICT 3/node_modules/oracledb/index.js' implicitly has an 'any' type.
  Try `npm i --save-dev @types/oracledb` if it exists or add a new declaration (.d.ts) file containing `declare module 'oracledb';`
lib/sankhya-api.ts(125,21): error TS2551: Property 'logSuccess' does not exist on type 'APILogger'. Did you mean 'success'?
lib/sankhya-api.ts(128,21): error TS2339: Property 'logError' does not exist on type 'APILogger'.
lib/users-service.ts(247,9): error TS2322: Type 'number | null' is not assignable to type 'number | undefined'.
  Type 'null' is not assignable to type 'number | undefined'.
lib/users-service.ts(248,9): error TS2322: Type 'number | null' is not assignable to type 'number | undefined'.
  Type 'null' is not assignable to type 'number | undefined'.
lib/vendedores-service.ts(117,29): error TS2339: Property 'del' does not exist on type 'RedisCacheService'.
lib/vendedores-service.ts(168,29): error TS2339: Property 'del' does not exist on type 'RedisCacheService'.
lib/vendedores-service.ts(169,29): error TS2339: Property 'del' does not exist on type 'RedisCacheService'.
produto-detalhes-modal.tsx(208,33): error TS7006: Parameter 'word' implicitly has an 'any' type.
produto-detalhes-modal.tsx(210,30): error TS7006: Parameter 'word' implicitly has an 'any' type.
register-form.tsx(6,30): error TS2307: Cannot find module './splash-screen' or its corresponding type declarations.
scripts/test-dashboard-api.ts(1,35): error TS2307: Cannot find module './lib/sankhya-dynamic-api' or its corresponding type declarations.
